g40-4gpu-1: train.py --model ae --epochs 500 --batch-size 64 --lr 1e-4 --latent-dim 16 --cnn-checkpoint checkpoints/cnn.pt --out checkpoints/ae16.pt
device: cuda
autoencoder input: 2100 neurokit + 125 CNN = 2225
  epoch   1  train loss 0.7991
  epoch   2  train loss 0.7254
  epoch   3  train loss 0.7062
  epoch   4  train loss 0.6798
  epoch   5  train loss 0.6545
  epoch   6  train loss 0.6462
  epoch   7  train loss 0.6438
  epoch   8  train loss 0.6364
  epoch   9  train loss 0.6234
  epoch  10  train loss 0.6166
  epoch  11  train loss 0.6119
  epoch  12  train loss 0.6065
  epoch  13  train loss 0.5980
  epoch  14  train loss 0.5880
  epoch  15  train loss 0.5727
  epoch  16  train loss 0.5658
  epoch  17  train loss 0.5826
  epoch  18  train loss 0.5552
  epoch  19  train loss 0.5494
  epoch  20  train loss 0.5488
  epoch  21  train loss 0.5636
  epoch  22  train loss 0.5552
  epoch  23  train loss 0.5520
  epoch  24  train loss 0.5495
  epoch  25  train loss 0.5462
  epoch  26  train loss 0.5405
  epoch  27  train loss 0.5318
  epoch  28  train loss 0.5371
  epoch  29  train loss 0.5334
  epoch  30  train loss 0.5265
  epoch  31  train loss 0.5183
  epoch  32  train loss 0.5177
  epoch  33  train loss 0.5253
  epoch  34  train loss 0.5158
  epoch  35  train loss 0.5136
  epoch  36  train loss 0.5273
  epoch  37  train loss 0.5254
  epoch  38  train loss 0.5179
  epoch  39  train loss 0.5120
  epoch  40  train loss 0.5137
  epoch  41  train loss 0.5053
  epoch  42  train loss 0.5047
  epoch  43  train loss 0.5123
  epoch  44  train loss 0.4987
  epoch  45  train loss 0.5133
  epoch  46  train loss 0.5083
  epoch  47  train loss 0.5040
  epoch  48  train loss 0.4997
  epoch  49  train loss 0.4924
  epoch  50  train loss 0.4919
  epoch  51  train loss 0.4924
  epoch  52  train loss 0.4949
  epoch  53  train loss 0.4950
  epoch  54  train loss 0.4953
  epoch  55  train loss 0.4897
  epoch  56  train loss 0.4864
  epoch  57  train loss 0.4879
  epoch  58  train loss 0.4847
  epoch  59  train loss 0.4874
  epoch  60  train loss 0.4841
  epoch  61  train loss 0.4830
  epoch  62  train loss 0.5017
  epoch  63  train loss 0.4951
  epoch  64  train loss 0.4907
  epoch  65  train loss 0.4821
  epoch  66  train loss 0.4757
  epoch  67  train loss 0.4828
  epoch  68  train loss 0.4735
  epoch  69  train loss 0.4741
  epoch  70  train loss 0.4732
  epoch  71  train loss 0.4982
  epoch  72  train loss 0.4747
  epoch  73  train loss 0.4674
  epoch  74  train loss 0.4681
  epoch  75  train loss 0.4644
  epoch  76  train loss 0.4632
  epoch  77  train loss 0.4663
  epoch  78  train loss 0.4699
  epoch  79  train loss 0.4622
  epoch  80  train loss 0.4614
  epoch  81  train loss 0.4633
  epoch  82  train loss 0.4566
  epoch  83  train loss 0.4550
  epoch  84  train loss 0.4545
  epoch  85  train loss 0.4540
  epoch  86  train loss 0.4533
  epoch  87  train loss 0.4522
  epoch  88  train loss 0.4584
  epoch  89  train loss 0.4711
  epoch  90  train loss 0.4626
  epoch  91  train loss 0.4556
  epoch  92  train loss 0.4475
  epoch  93  train loss 0.4523
  epoch  94  train loss 0.4442
  epoch  95  train loss 0.4423
  epoch  96  train loss 0.4427
  epoch  97  train loss 0.4413
  epoch  98  train loss 0.4396
  epoch  99  train loss 0.4417
  epoch 100  train loss 0.4418
  epoch 101  train loss 0.4545
  epoch 102  train loss 0.4369
  epoch 103  train loss 0.4357
  epoch 104  train loss 0.4349
  epoch 105  train loss 0.4355
  epoch 106  train loss 0.4363
  epoch 107  train loss 0.4416
  epoch 108  train loss 0.4317
  epoch 109  train loss 0.4318
  epoch 110  train loss 0.4313
  epoch 111  train loss 0.4354
  epoch 112  train loss 0.4379
  epoch 113  train loss 0.4284
  epoch 114  train loss 0.4314
  epoch 115  train loss 0.4323
  epoch 116  train loss 0.4263
  epoch 117  train loss 0.4232
  epoch 118  train loss 0.4280
  epoch 119  train loss 0.4358
  epoch 120  train loss 0.4328
  epoch 121  train loss 0.4233
  epoch 122  train loss 0.4227
  epoch 123  train loss 0.4239
  epoch 124  train loss 0.4182
  epoch 125  train loss 0.4185
  epoch 126  train loss 0.4194
  epoch 127  train loss 0.4243
  epoch 128  train loss 0.4161
  epoch 129  train loss 0.4145
  epoch 130  train loss 0.4151
  epoch 131  train loss 0.4183
  epoch 132  train loss 0.4211
  epoch 133  train loss 0.4130
  epoch 134  train loss 0.4116
  epoch 135  train loss 0.4095
  epoch 136  train loss 0.4089
  epoch 137  train loss 0.4106
  epoch 138  train loss 0.4108
  epoch 139  train loss 0.4227
  epoch 140  train loss 0.4170
  epoch 141  train loss 0.4090
  epoch 142  train loss 0.4051
  epoch 143  train loss 0.4065
  epoch 144  train loss 0.4146
  epoch 145  train loss 0.4074
  epoch 146  train loss 0.4011
  epoch 147  train loss 0.4038
  epoch 148  train loss 0.4056
  epoch 149  train loss 0.4044
  epoch 150  train loss 0.3983
  epoch 151  train loss 0.3991
  epoch 152  train loss 0.3991
  epoch 153  train loss 0.3967
  epoch 154  train loss 0.4002
  epoch 155  train loss 0.4012
  epoch 156  train loss 0.4017
  epoch 157  train loss 0.3950
  epoch 158  train loss 0.3930
  epoch 159  train loss 0.3920
  epoch 160  train loss 0.3919
  epoch 161  train loss 0.3922
  epoch 162  train loss 0.3962
  epoch 163  train loss 0.4046
  epoch 164  train loss 0.3935
  epoch 165  train loss 0.3973
  epoch 166  train loss 0.3938
  epoch 167  train loss 0.3877
  epoch 168  train loss 0.3880
  epoch 169  train loss 0.3875
  epoch 170  train loss 0.3878
  epoch 171  train loss 0.3877
  epoch 172  train loss 0.3831
  epoch 173  train loss 0.3827
  epoch 174  train loss 0.3830
  epoch 175  train loss 0.3829
  epoch 176  train loss 0.3872
  epoch 177  train loss 0.3867
  epoch 178  train loss 0.3808
  epoch 179  train loss 0.3798
  epoch 180  train loss 0.3804
  epoch 181  train loss 0.3842
  epoch 182  train loss 0.3821
  epoch 183  train loss 0.3765
  epoch 184  train loss 0.3765
  epoch 185  train loss 0.3746
  epoch 186  train loss 0.3768
  epoch 187  train loss 0.3809
  epoch 188  train loss 0.3805
  epoch 189  train loss 0.3727
  epoch 190  train loss 0.3720
  epoch 191  train loss 0.3739
  epoch 192  train loss 0.3720
  epoch 193  train loss 0.3782
  epoch 194  train loss 0.3711
  epoch 195  train loss 0.3741
  epoch 196  train loss 0.3720
  epoch 197  train loss 0.3760
  epoch 198  train loss 0.3687
  epoch 199  train loss 0.3691
  epoch 200  train loss 0.3676
  epoch 201  train loss 0.3694
  epoch 202  train loss 0.3708
  epoch 203  train loss 0.3709
  epoch 204  train loss 0.3668
  epoch 205  train loss 0.3660
  epoch 206  train loss 0.3664
  epoch 207  train loss 0.3676
  epoch 208  train loss 0.3664
  epoch 209  train loss 0.3661
  epoch 210  train loss 0.3636
  epoch 211  train loss 0.3628
  epoch 212  train loss 0.3657
  epoch 213  train loss 0.3669
  epoch 214  train loss 0.3606
  epoch 215  train loss 0.3612
  epoch 216  train loss 0.3601
  epoch 217  train loss 0.3592
  epoch 218  train loss 0.3586
  epoch 219  train loss 0.3611
  epoch 220  train loss 0.3620
  epoch 221  train loss 0.3639
  epoch 222  train loss 0.3649
  epoch 223  train loss 0.3589
  epoch 224  train loss 0.3576
  epoch 225  train loss 0.3589
  epoch 226  train loss 0.3569
  epoch 227  train loss 0.3564
  epoch 228  train loss 0.3558
  epoch 229  train loss 0.3573
  epoch 230  train loss 0.3591
  epoch 231  train loss 0.3608
  epoch 232  train loss 0.3530
  epoch 233  train loss 0.3540
  epoch 234  train loss 0.3545
  epoch 235  train loss 0.3526
  epoch 236  train loss 0.3516
  epoch 237  train loss 0.3568
  epoch 238  train loss 0.3546
  epoch 239  train loss 0.3491
  epoch 240  train loss 0.3494
  epoch 241  train loss 0.3497
  epoch 242  train loss 0.3639
  epoch 243  train loss 0.3558
  epoch 244  train loss 0.3542
  epoch 245  train loss 0.3496
  epoch 246  train loss 0.3479
  epoch 247  train loss 0.3472
  epoch 248  train loss 0.3485
  epoch 249  train loss 0.3489
  epoch 250  train loss 0.3519
  epoch 251  train loss 0.3465
  epoch 252  train loss 0.3462
  epoch 253  train loss 0.3448
  epoch 254  train loss 0.3445
  epoch 255  train loss 0.3457
  epoch 256  train loss 0.3480
  epoch 257  train loss 0.3454
  epoch 258  train loss 0.3481
  epoch 259  train loss 0.3493
  epoch 260  train loss 0.3479
  epoch 261  train loss 0.3439
  epoch 262  train loss 0.3436
  epoch 263  train loss 0.3416
  epoch 264  train loss 0.3421
  epoch 265  train loss 0.3436
  epoch 266  train loss 0.3431
  epoch 267  train loss 0.3413
  epoch 268  train loss 0.3404
  epoch 269  train loss 0.3420
  epoch 270  train loss 0.3418
  epoch 271  train loss 0.3474
  epoch 272  train loss 0.3461
  epoch 273  train loss 0.3398
  epoch 274  train loss 0.3387
  epoch 275  train loss 0.3388
  epoch 276  train loss 0.3385
  epoch 277  train loss 0.3416
  epoch 278  train loss 0.3375
  epoch 279  train loss 0.3377
  epoch 280  train loss 0.3394
  epoch 281  train loss 0.3394
  epoch 282  train loss 0.3405
  epoch 283  train loss 0.3362
  epoch 284  train loss 0.3375
  epoch 285  train loss 0.3386
  epoch 286  train loss 0.3357
  epoch 287  train loss 0.3341
  epoch 288  train loss 0.3345
  epoch 289  train loss 0.3353
  epoch 290  train loss 0.3351
  epoch 291  train loss 0.3385
  epoch 292  train loss 0.3377
  epoch 293  train loss 0.3349
  epoch 294  train loss 0.3328
  epoch 295  train loss 0.3347
  epoch 296  train loss 0.3334
  epoch 297  train loss 0.3329
  epoch 298  train loss 0.3352
  epoch 299  train loss 0.3345
  epoch 300  train loss 0.3305
  epoch 301  train loss 0.3328
  epoch 302  train loss 0.3321
  epoch 303  train loss 0.3306
  epoch 304  train loss 0.3333
  epoch 305  train loss 0.3335
  epoch 306  train loss 0.3293
  epoch 307  train loss 0.3293
  epoch 308  train loss 0.3283
  epoch 309  train loss 0.3285
  epoch 310  train loss 0.3308
  epoch 311  train loss 0.3315
  epoch 312  train loss 0.3309
  epoch 313  train loss 0.3329
  epoch 314  train loss 0.3313
  epoch 315  train loss 0.3299
  epoch 316  train loss 0.3308
  epoch 317  train loss 0.3300
  epoch 318  train loss 0.3246
  epoch 319  train loss 0.3247
  epoch 320  train loss 0.3242
  epoch 321  train loss 0.3247
  epoch 322  train loss 0.3261
  epoch 323  train loss 0.3246
  epoch 324  train loss 0.3248
  epoch 325  train loss 0.3251
  epoch 326  train loss 0.3264
  epoch 327  train loss 0.3278
  epoch 328  train loss 0.3284
  epoch 329  train loss 0.3253
  epoch 330  train loss 0.3301
  epoch 331  train loss 0.3253
  epoch 332  train loss 0.3253
  epoch 333  train loss 0.3223
  epoch 334  train loss 0.3223
  epoch 335  train loss 0.3236
  epoch 336  train loss 0.3249
  epoch 337  train loss 0.3204
  epoch 338  train loss 0.3204
  epoch 339  train loss 0.3211
  epoch 340  train loss 0.3219
  epoch 341  train loss 0.3222
  epoch 342  train loss 0.3249
  epoch 343  train loss 0.3214
  epoch 344  train loss 0.3239
  epoch 345  train loss 0.3214
  epoch 346  train loss 0.3199
  epoch 347  train loss 0.3200
  epoch 348  train loss 0.3206
  epoch 349  train loss 0.3193
  epoch 350  train loss 0.3236
  epoch 351  train loss 0.3224
  epoch 352  train loss 0.3229
  epoch 353  train loss 0.3181
  epoch 354  train loss 0.3172
  epoch 355  train loss 0.3173
  epoch 356  train loss 0.3176
  epoch 357  train loss 0.3166
  epoch 358  train loss 0.3184
  epoch 359  train loss 0.3184
  epoch 360  train loss 0.3199
  epoch 361  train loss 0.3187
  epoch 362  train loss 0.3215
  epoch 363  train loss 0.3167
  epoch 364  train loss 0.3161
  epoch 365  train loss 0.3158
  epoch 366  train loss 0.3159
  epoch 367  train loss 0.3159
  epoch 368  train loss 0.3166
  epoch 369  train loss 0.3152
  epoch 370  train loss 0.3148
  epoch 371  train loss 0.3164
  epoch 372  train loss 0.3160
  epoch 373  train loss 0.3207
  epoch 374  train loss 0.3182
  epoch 375  train loss 0.3148
  epoch 376  train loss 0.3145
  epoch 377  train loss 0.3131
  epoch 378  train loss 0.3134
  epoch 379  train loss 0.3140
  epoch 380  train loss 0.3152
  epoch 381  train loss 0.3125
  epoch 382  train loss 0.3137
  epoch 383  train loss 0.3132
  epoch 384  train loss 0.3149
  epoch 385  train loss 0.3117
  epoch 386  train loss 0.3140
  epoch 387  train loss 0.3127
  epoch 388  train loss 0.3141
  epoch 389  train loss 0.3125
  epoch 390  train loss 0.3127
  epoch 391  train loss 0.3111
  epoch 392  train loss 0.3108
  epoch 393  train loss 0.3119
  epoch 394  train loss 0.3133
  epoch 395  train loss 0.3093
  epoch 396  train loss 0.3098
  epoch 397  train loss 0.3097
  epoch 398  train loss 0.3113
  epoch 399  train loss 0.3109
  epoch 400  train loss 0.3134
  epoch 401  train loss 0.3104
  epoch 402  train loss 0.3120
  epoch 403  train loss 0.3091
  epoch 404  train loss 0.3090
  epoch 405  train loss 0.3089
  epoch 406  train loss 0.3089
  epoch 407  train loss 0.3084
  epoch 408  train loss 0.3097
  epoch 409  train loss 0.3087
  epoch 410  train loss 0.3085
  epoch 411  train loss 0.3076
  epoch 412  train loss 0.3094
  epoch 413  train loss 0.3083
  epoch 414  train loss 0.3105
  epoch 415  train loss 0.3079
  epoch 416  train loss 0.3083
  epoch 417  train loss 0.3079
  epoch 418  train loss 0.3074
  epoch 419  train loss 0.3057
  epoch 420  train loss 0.3059
  epoch 421  train loss 0.3058
  epoch 422  train loss 0.3074
  epoch 423  train loss 0.3081
  epoch 424  train loss 0.3085
  epoch 425  train loss 0.3052
  epoch 426  train loss 0.3050
  epoch 427  train loss 0.3058
  epoch 428  train loss 0.3070
  epoch 429  train loss 0.3044
  epoch 430  train loss 0.3061
  epoch 431  train loss 0.3056
  epoch 432  train loss 0.3078
  epoch 433  train loss 0.3059
  epoch 434  train loss 0.3055
  epoch 435  train loss 0.3035
  epoch 436  train loss 0.3045
  epoch 437  train loss 0.3049
  epoch 438  train loss 0.3055
  epoch 439  train loss 0.3028
  epoch 440  train loss 0.3171
  epoch 441  train loss 0.3083
  epoch 442  train loss 0.3068
  epoch 443  train loss 0.3042
  epoch 444  train loss 0.3030
  epoch 445  train loss 0.3011
  epoch 446  train loss 0.3013
  epoch 447  train loss 0.3025
  epoch 448  train loss 0.3025
  epoch 449  train loss 0.3034
  epoch 450  train loss 0.3054
  epoch 451  train loss 0.3031
  epoch 452  train loss 0.3020
  epoch 453  train loss 0.3035
  epoch 454  train loss 0.3041
  epoch 455  train loss 0.3000
  epoch 456  train loss 0.2997
  epoch 457  train loss 0.2996
  epoch 458  train loss 0.3005
  epoch 459  train loss 0.3005
  epoch 460  train loss 0.3006
  epoch 461  train loss 0.3030
  epoch 462  train loss 0.3040
  epoch 463  train loss 0.3005
  epoch 464  train loss 0.2992
  epoch 465  train loss 0.2995
  epoch 466  train loss 0.2990
  epoch 467  train loss 0.3106
  epoch 468  train loss 0.3032
  epoch 469  train loss 0.3039
  epoch 470  train loss 0.2996
  epoch 471  train loss 0.2975
  epoch 472  train loss 0.2978
  epoch 473  train loss 0.2979
  epoch 474  train loss 0.2978
  epoch 475  train loss 0.2994
  epoch 476  train loss 0.3000
  epoch 477  train loss 0.2983
  epoch 478  train loss 0.2992
  epoch 479  train loss 0.2996
  epoch 480  train loss 0.2991
  epoch 481  train loss 0.2997
  epoch 482  train loss 0.2996
  epoch 483  train loss 0.2970
  epoch 484  train loss 0.2975
  epoch 485  train loss 0.2979
  epoch 486  train loss 0.2987
  epoch 487  train loss 0.2988
  epoch 488  train loss 0.2995
  epoch 489  train loss 0.2972
  epoch 490  train loss 0.2964
  epoch 491  train loss 0.2957
  epoch 492  train loss 0.2978
  epoch 493  train loss 0.2977
  epoch 494  train loss 0.3007
  epoch 495  train loss 0.2986
  epoch 496  train loss 0.2976
  epoch 497  train loss 0.3015
  epoch 498  train loss 0.2985
  epoch 499  train loss 0.2950
  epoch 500  train loss 0.2932
saved checkpoints/ae16.pt
