g16-8gpu-1: train.py --model cnn --epochs 500 --batch-size 64 --lr 1e-4 --out checkpoints/cnn.pt
device: cuda
CNN on 12,995 training records   (3,249 held out)
  epoch   1  train loss 1.4267
  epoch   2  train loss 1.1003
  epoch   3  train loss 1.0350
  epoch   4  train loss 1.0034
  epoch   5  train loss 0.9767
  epoch   6  train loss 0.9626
  epoch   7  train loss 0.9497
  epoch   8  train loss 0.9367
  epoch   9  train loss 0.9215
  epoch  10  train loss 0.9118
  epoch  11  train loss 0.9061
  epoch  12  train loss 0.8924
  epoch  13  train loss 0.8847
  epoch  14  train loss 0.8811
  epoch  15  train loss 0.8654
  epoch  16  train loss 0.8635
  epoch  17  train loss 0.8614
  epoch  18  train loss 0.8519
  epoch  19  train loss 0.8405
  epoch  20  train loss 0.8366
  epoch  21  train loss 0.8261
  epoch  22  train loss 0.8294
  epoch  23  train loss 0.8182
  epoch  24  train loss 0.8099
  epoch  25  train loss 0.8133
  epoch  26  train loss 0.8001
  epoch  27  train loss 0.7971
  epoch  28  train loss 0.8001
  epoch  29  train loss 0.7951
  epoch  30  train loss 0.7837
  epoch  31  train loss 0.7843
  epoch  32  train loss 0.7776
  epoch  33  train loss 0.7686
  epoch  34  train loss 0.7679
  epoch  35  train loss 0.7659
  epoch  36  train loss 0.7577
  epoch  37  train loss 0.7523
  epoch  38  train loss 0.7507
  epoch  39  train loss 0.7451
  epoch  40  train loss 0.7411
  epoch  41  train loss 0.7350
  epoch  42  train loss 0.7316
  epoch  43  train loss 0.7271
  epoch  44  train loss 0.7197
  epoch  45  train loss 0.7169
  epoch  46  train loss 0.7134
  epoch  47  train loss 0.7083
  epoch  48  train loss 0.7046
  epoch  49  train loss 0.6980
  epoch  50  train loss 0.6858
  epoch  51  train loss 0.6913
  epoch  52  train loss 0.6893
  epoch  53  train loss 0.6827
  epoch  54  train loss 0.6750
  epoch  55  train loss 0.6670
  epoch  56  train loss 0.6576
  epoch  57  train loss 0.6583
  epoch  58  train loss 0.6645
  epoch  59  train loss 0.6540
  epoch  60  train loss 0.6477
  epoch  61  train loss 0.6426
  epoch  62  train loss 0.6352
  epoch  63  train loss 0.6330
  epoch  64  train loss 0.6262
  epoch  65  train loss 0.6250
  epoch  66  train loss 0.6173
  epoch  67  train loss 0.6176
  epoch  68  train loss 0.6052
  epoch  69  train loss 0.6288
  epoch  70  train loss 0.5995
  epoch  71  train loss 0.5931
  epoch  72  train loss 0.5986
  epoch  73  train loss 0.5946
  epoch  74  train loss 0.5835
  epoch  75  train loss 0.5823
  epoch  76  train loss 0.5724
  epoch  77  train loss 0.5667
  epoch  78  train loss 0.5636
  epoch  79  train loss 0.5566
  epoch  80  train loss 0.5649
  epoch  81  train loss 0.5565
  epoch  82  train loss 0.5466
  epoch  83  train loss 0.5500
  epoch  84  train loss 0.5421
  epoch  85  train loss 0.5453
  epoch  86  train loss 0.5338
  epoch  87  train loss 0.5291
  epoch  88  train loss 0.5341
  epoch  89  train loss 0.5226
  epoch  90  train loss 0.5170
  epoch  91  train loss 0.5137
  epoch  92  train loss 0.5177
  epoch  93  train loss 0.5036
  epoch  94  train loss 0.5277
  epoch  95  train loss 0.4967
  epoch  96  train loss 0.4998
  epoch  97  train loss 0.4972
  epoch  98  train loss 0.4819
  epoch  99  train loss 0.4868
  epoch 100  train loss 0.4765
  epoch 101  train loss 0.4682
  epoch 102  train loss 0.4718
  epoch 103  train loss 0.4944
  epoch 104  train loss 0.4603
  epoch 105  train loss 0.4758
  epoch 106  train loss 0.4628
  epoch 107  train loss 0.4535
  epoch 108  train loss 0.4501
  epoch 109  train loss 0.4494
  epoch 110  train loss 0.4356
  epoch 111  train loss 0.4373
  epoch 112  train loss 0.4489
  epoch 113  train loss 0.4526
  epoch 114  train loss 0.4324
  epoch 115  train loss 0.4249
  epoch 116  train loss 0.4214
  epoch 117  train loss 0.4340
  epoch 118  train loss 0.4184
  epoch 119  train loss 0.4096
  epoch 120  train loss 0.4161
  epoch 121  train loss 0.4096
  epoch 122  train loss 0.4207
  epoch 123  train loss 0.4086
  epoch 124  train loss 0.3995
  epoch 125  train loss 0.3899
  epoch 126  train loss 0.3998
  epoch 127  train loss 0.3899
  epoch 128  train loss 0.4345
  epoch 129  train loss 0.3891
  epoch 130  train loss 0.4250
  epoch 131  train loss 0.3796
  epoch 132  train loss 0.3732
  epoch 133  train loss 0.3758
  epoch 134  train loss 0.3738
  epoch 135  train loss 0.3679
  epoch 136  train loss 0.3606
  epoch 137  train loss 0.3614
  epoch 138  train loss 0.3685
  epoch 139  train loss 0.3536
  epoch 140  train loss 0.3444
  epoch 141  train loss 0.3545
  epoch 142  train loss 0.3501
  epoch 143  train loss 0.3384
  epoch 144  train loss 0.3711
  epoch 145  train loss 0.3381
  epoch 146  train loss 0.3598
  epoch 147  train loss 0.3460
  epoch 148  train loss 0.3335
  epoch 149  train loss 0.3395
  epoch 150  train loss 0.3313
  epoch 151  train loss 0.3336
  epoch 152  train loss 0.3301
  epoch 153  train loss 0.3256
  epoch 154  train loss 0.3365
  epoch 155  train loss 0.3144
  epoch 156  train loss 0.3260
  epoch 157  train loss 0.3607
  epoch 158  train loss 0.3051
  epoch 159  train loss 0.3027
  epoch 160  train loss 0.3061
  epoch 161  train loss 0.2980
  epoch 162  train loss 0.3099
  epoch 163  train loss 0.3140
  epoch 164  train loss 0.3262
  epoch 165  train loss 0.3022
  epoch 166  train loss 0.3301
  epoch 167  train loss 0.2877
  epoch 168  train loss 0.2882
  epoch 169  train loss 0.3406
  epoch 170  train loss 0.2797
  epoch 171  train loss 0.2778
  epoch 172  train loss 0.3078
  epoch 173  train loss 0.2975
  epoch 174  train loss 0.2982
  epoch 175  train loss 0.2798
  epoch 176  train loss 0.2743
  epoch 177  train loss 0.2639
  epoch 178  train loss 0.2750
  epoch 179  train loss 0.2720
  epoch 180  train loss 0.3135
  epoch 181  train loss 0.2677
  epoch 182  train loss 0.2576
  epoch 183  train loss 0.2722
  epoch 184  train loss 0.2739
  epoch 185  train loss 0.2705
  epoch 186  train loss 0.2622
  epoch 187  train loss 0.3364
  epoch 188  train loss 0.2546
  epoch 189  train loss 0.2482
  epoch 190  train loss 0.2738
  epoch 191  train loss 0.3351
  epoch 192  train loss 0.2498
  epoch 193  train loss 0.2525
  epoch 194  train loss 0.2543
  epoch 195  train loss 0.2453
  epoch 196  train loss 0.2641
  epoch 197  train loss 0.2453
  epoch 198  train loss 0.2292
  epoch 199  train loss 0.2499
  epoch 200  train loss 0.2716
  epoch 201  train loss 0.2479
  epoch 202  train loss 0.2529
  epoch 203  train loss 0.2235
  epoch 204  train loss 0.2387
  epoch 205  train loss 0.2885
  epoch 206  train loss 0.2298
  epoch 207  train loss 0.2231
  epoch 208  train loss 0.2221
  epoch 209  train loss 0.2282
  epoch 210  train loss 0.2388
  epoch 211  train loss 0.2550
  epoch 212  train loss 0.2516
  epoch 213  train loss 0.2308
  epoch 214  train loss 0.2189
  epoch 215  train loss 0.2216
  epoch 216  train loss 0.2218
  epoch 217  train loss 0.2375
  epoch 218  train loss 0.2245
  epoch 219  train loss 0.2197
  epoch 220  train loss 0.2187
  epoch 221  train loss 0.2440
  epoch 222  train loss 0.2142
  epoch 223  train loss 0.2078
  epoch 224  train loss 0.2154
  epoch 225  train loss 0.2116
  epoch 226  train loss 0.2063
  epoch 227  train loss 0.2252
  epoch 228  train loss 0.1973
  epoch 229  train loss 0.2284
  epoch 230  train loss 0.2418
  epoch 231  train loss 0.1960
  epoch 232  train loss 0.2102
  epoch 233  train loss 0.2115
  epoch 234  train loss 0.1968
  epoch 235  train loss 0.2617
  epoch 236  train loss 0.1820
  epoch 237  train loss 0.1971
  epoch 238  train loss 0.1952
  epoch 239  train loss 0.1956
  epoch 240  train loss 0.1924
  epoch 241  train loss 0.1854
  epoch 242  train loss 0.2466
  epoch 243  train loss 0.1870
  epoch 244  train loss 0.1812
  epoch 245  train loss 0.1837
  epoch 246  train loss 0.2297
  epoch 247  train loss 0.1754
  epoch 248  train loss 0.1837
  epoch 249  train loss 0.2026
  epoch 250  train loss 0.1671
  epoch 251  train loss 0.1923
  epoch 252  train loss 0.1859
  epoch 253  train loss 0.2002
  epoch 254  train loss 0.2334
  epoch 255  train loss 0.2020
  epoch 256  train loss 0.1669
  epoch 257  train loss 0.1948
  epoch 258  train loss 0.1653
  epoch 259  train loss 0.1666
  epoch 260  train loss 0.1865
  epoch 261  train loss 0.1730
  epoch 262  train loss 0.1625
  epoch 263  train loss 0.1599
  epoch 264  train loss 0.1896
  epoch 265  train loss 0.2356
  epoch 266  train loss 0.1714
  epoch 267  train loss 0.1586
  epoch 268  train loss 0.2321
  epoch 269  train loss 0.1634
  epoch 270  train loss 0.1943
  epoch 271  train loss 0.1629
  epoch 272  train loss 0.1495
  epoch 273  train loss 0.1794
  epoch 274  train loss 0.1519
  epoch 275  train loss 0.1737
  epoch 276  train loss 0.1486
  epoch 277  train loss 0.1592
  epoch 278  train loss 0.1480
  epoch 279  train loss 0.2057
  epoch 280  train loss 0.1500
  epoch 281  train loss 0.1492
  epoch 282  train loss 0.1422
  epoch 283  train loss 0.1507
  epoch 284  train loss 0.1677
  epoch 285  train loss 0.1550
  epoch 286  train loss 0.1446
  epoch 287  train loss 0.1581
  epoch 288  train loss 0.1562
  epoch 289  train loss 0.1526
  epoch 290  train loss 0.1756
  epoch 291  train loss 0.1448
  epoch 292  train loss 0.1382
  epoch 293  train loss 0.1508
  epoch 294  train loss 0.1385
  epoch 295  train loss 0.1420
  epoch 296  train loss 0.1574
  epoch 297  train loss 0.1577
  epoch 298  train loss 0.1496
  epoch 299  train loss 0.1494
  epoch 300  train loss 0.1546
  epoch 301  train loss 0.1419
  epoch 302  train loss 0.1518
  epoch 303  train loss 0.1417
  epoch 304  train loss 0.1906
  epoch 305  train loss 0.1417
  epoch 306  train loss 0.1397
  epoch 307  train loss 0.1365
  epoch 308  train loss 0.1392
  epoch 309  train loss 0.1229
  epoch 310  train loss 0.1698
  epoch 311  train loss 0.1789
  epoch 312  train loss 0.1305
  epoch 313  train loss 0.1222
  epoch 314  train loss 0.1384
  epoch 315  train loss 0.1784
  epoch 316  train loss 0.1540
  epoch 317  train loss 0.1247
  epoch 318  train loss 0.1163
  epoch 319  train loss 0.1702
  epoch 320  train loss 0.1243
  epoch 321  train loss 0.2357
  epoch 322  train loss 0.1373
  epoch 323  train loss 0.1255
  epoch 324  train loss 0.1281
  epoch 325  train loss 0.1246
  epoch 326  train loss 0.1121
  epoch 327  train loss 0.1159
  epoch 328  train loss 0.1276
  epoch 329  train loss 0.1270
  epoch 330  train loss 0.1353
  epoch 331  train loss 0.1596
  epoch 332  train loss 0.1627
  epoch 333  train loss 0.1226
  epoch 334  train loss 0.1302
  epoch 335  train loss 0.1537
  epoch 336  train loss 0.1167
  epoch 337  train loss 0.1208
  epoch 338  train loss 0.1174
  epoch 339  train loss 0.1213
  epoch 340  train loss 0.1125
  epoch 341  train loss 0.1141
  epoch 342  train loss 0.1293
  epoch 343  train loss 0.1750
  epoch 344  train loss 0.1179
  epoch 345  train loss 0.1086
  epoch 346  train loss 0.1129
  epoch 347  train loss 0.1447
  epoch 348  train loss 0.1175
  epoch 349  train loss 0.1060
  epoch 350  train loss 0.1915
  epoch 351  train loss 0.1191
  epoch 352  train loss 0.1052
  epoch 353  train loss 0.1481
  epoch 354  train loss 0.1068
  epoch 355  train loss 0.1096
  epoch 356  train loss 0.1046
  epoch 357  train loss 0.1288
  epoch 358  train loss 0.1312
  epoch 359  train loss 0.1071
  epoch 360  train loss 0.1145
  epoch 361  train loss 0.0989
  epoch 362  train loss 0.1035
  epoch 363  train loss 0.1563
  epoch 364  train loss 0.1462
  epoch 365  train loss 0.1021
  epoch 366  train loss 0.1007
  epoch 367  train loss 0.1212
  epoch 368  train loss 0.1816
  epoch 369  train loss 0.1030
  epoch 370  train loss 0.1016
  epoch 371  train loss 0.0974
  epoch 372  train loss 0.0940
  epoch 373  train loss 0.0970
  epoch 374  train loss 0.1636
  epoch 375  train loss 0.1030
  epoch 376  train loss 0.1036
  epoch 377  train loss 0.1397
  epoch 378  train loss 0.2295
  epoch 379  train loss 0.1613
  epoch 380  train loss 0.1263
  epoch 381  train loss 0.0954
  epoch 382  train loss 0.0969
  epoch 383  train loss 0.0861
  epoch 384  train loss 0.1082
  epoch 385  train loss 0.0921
  epoch 386  train loss 0.0979
  epoch 387  train loss 0.1539
  epoch 388  train loss 0.1489
  epoch 389  train loss 0.0868
  epoch 390  train loss 0.0918
  epoch 391  train loss 0.1039
  epoch 392  train loss 0.0908
  epoch 393  train loss 0.0937
  epoch 394  train loss 0.1018
  epoch 395  train loss 0.1021
  epoch 396  train loss 0.0943
  epoch 397  train loss 0.1179
  epoch 398  train loss 0.1071
  epoch 399  train loss 0.1012
  epoch 400  train loss 0.1135
  epoch 401  train loss 0.0943
  epoch 402  train loss 0.0975
  epoch 403  train loss 0.0993
  epoch 404  train loss 0.2231
  epoch 405  train loss 0.1647
  epoch 406  train loss 0.0969
  epoch 407  train loss 0.0945
  epoch 408  train loss 0.1546
  epoch 409  train loss 0.0881
  epoch 410  train loss 0.0995
  epoch 411  train loss 0.0925
  epoch 412  train loss 0.0999
  epoch 413  train loss 0.0818
  epoch 414  train loss 0.1613
  epoch 415  train loss 0.0895
  epoch 416  train loss 0.0869
  epoch 417  train loss 0.0851
  epoch 418  train loss 0.1343
  epoch 419  train loss 0.0917
  epoch 420  train loss 0.0795
  epoch 421  train loss 0.0986
  epoch 422  train loss 0.0813
  epoch 423  train loss 0.2368
  epoch 424  train loss 0.1045
  epoch 425  train loss 0.1030
  epoch 426  train loss 0.1299
  epoch 427  train loss 0.0856
  epoch 428  train loss 0.0782
  epoch 429  train loss 0.0774
  epoch 430  train loss 0.0888
  epoch 431  train loss 0.0818
  epoch 432  train loss 0.0911
  epoch 433  train loss 0.0875
  epoch 434  train loss 0.1798
  epoch 435  train loss 0.0905
  epoch 436  train loss 0.1523
  epoch 437  train loss 0.1022
  epoch 438  train loss 0.0837
  epoch 439  train loss 0.0762
  epoch 440  train loss 0.0849
  epoch 441  train loss 0.0870
  epoch 442  train loss 0.0789
  epoch 443  train loss 0.1314
  epoch 444  train loss 0.1454
  epoch 445  train loss 0.0830
  epoch 446  train loss 0.0755
  epoch 447  train loss 0.0791
  epoch 448  train loss 0.1194
  epoch 449  train loss 0.0770
  epoch 450  train loss 0.0835
  epoch 451  train loss 0.1033
  epoch 452  train loss 0.0990
  epoch 453  train loss 0.0802
  epoch 454  train loss 0.0744
  epoch 455  train loss 0.1377
  epoch 456  train loss 0.0818
  epoch 457  train loss 0.0822
  epoch 458  train loss 0.0759
  epoch 459  train loss 0.1120
  epoch 460  train loss 0.0891
  epoch 461  train loss 0.0723
  epoch 462  train loss 0.0875
  epoch 463  train loss 0.1482
  epoch 464  train loss 0.0770
  epoch 465  train loss 0.0897
  epoch 466  train loss 0.0683
  epoch 467  train loss 0.0860
  epoch 468  train loss 0.1318
  epoch 469  train loss 0.0847
  epoch 470  train loss 0.1875
  epoch 471  train loss 0.0860
  epoch 472  train loss 0.0715
  epoch 473  train loss 0.0771
  epoch 474  train loss 0.0678
  epoch 475  train loss 0.1219
  epoch 476  train loss 0.0809
  epoch 477  train loss 0.1052
  epoch 478  train loss 0.0780
  epoch 479  train loss 0.0846
  epoch 480  train loss 0.0720
  epoch 481  train loss 0.1405
  epoch 482  train loss 0.2037
  epoch 483  train loss 0.1056
  epoch 484  train loss 0.0707
  epoch 485  train loss 0.0727
  epoch 486  train loss 0.0919
  epoch 487  train loss 0.0671
  epoch 488  train loss 0.0995
  epoch 489  train loss 0.0668
  epoch 490  train loss 0.1781
  epoch 491  train loss 0.0786
  epoch 492  train loss 0.0705
  epoch 493  train loss 0.0600
  epoch 494  train loss 0.0679
  epoch 495  train loss 0.1412
  epoch 496  train loss 0.0794
  epoch 497  train loss 0.0648
  epoch 498  train loss 0.0700
  epoch 499  train loss 0.0640
  epoch 500  train loss 0.0741
saved checkpoints/cnn.pt
